
> react-kavia@0.1.0 start
> cross-env EDIT_MODE=true webpack serve --config .ve/webpack.config.js --mode development

<i> [webpack-dev-server] Project is running at:
<i> [webpack-dev-server] Loopback: http://localhost:3000/, http://[::1]:3000/
<i> [webpack-dev-server] On Your Network (IPv4): http://172.17.0.2:3000/
<i> [webpack-dev-server] Content not from webpack is served from './public' directory
Injecting EditorRootWrapper import: ../.ve/EditorRootWrapper
asset bundle.js 1.56 MiB [emitted] (name: main)
asset index.html 1.92 KiB [emitted]
runtime modules 27.5 KiB 14 modules
cacheable modules 1.38 MiB
  modules by path ./node_modules/ 1.24 MiB 31 modules
  modules by path ./src/ 132 KiB
    modules by path ./src/*.js 98.1 KiB 11 modules
    modules by path ./src/*.css 33.8 KiB 10 modules
    modules by path ./src/assets/sfx/*.mp3 2 bytes
      ./src/assets/sfx/click.mp3 1 bytes [built] [code generated]
      ./src/assets/sfx/upgrade.mp3 1 bytes [built] [code generated]
  modules by path ./.ve/ 15.1 KiB
    modules by path ./.ve/*.js 10.6 KiB 2 modules
    modules by path ./.ve/*.css 2.93 KiB 2 modules
    ./.ve/EditorOverlay.jsx 1.58 KiB [built] [code generated]
webpack 5.99.9 compiled successfully in 2002 ms
assets by status 1.92 KiB [cached] 1 asset
assets by path *.js 1.63 MiB
  asset bundle.js 1.56 MiB [emitted] (name: main)
  asset main.f3c61082c30f77b9b570.hot-update.js 68.9 KiB [emitted] [immutable] [hmr] (name: main)
asset main.f3c61082c30f77b9b570.hot-update.json 28 bytes [emitted] [immutable] [hmr]
Entrypoint main 1.63 MiB = bundle.js 1.56 MiB main.f3c61082c30f77b9b570.hot-update.js 68.9 KiB
cached modules 1.33 MiB [cached] 58 modules
runtime modules 27.5 KiB 14 modules
./src/ClashRealmsMain.js 55 KiB [built] [code generated]
webpack 5.99.9 compiled successfully in 344 ms
assets by status 1.92 KiB [cached] 1 asset
assets by path *.js 1.63 MiB
  asset bundle.js 1.56 MiB [emitted] (name: main)
  asset main.1e3a334ec130da75a968.hot-update.js 69 KiB [emitted] [immutable] [hmr] (name: main)
asset main.1e3a334ec130da75a968.hot-update.json 28 bytes [emitted] [immutable] [hmr]
Entrypoint main 1.63 MiB = bundle.js 1.56 MiB main.1e3a334ec130da75a968.hot-update.js 69 KiB
cached modules 1.33 MiB [cached] 58 modules
runtime modules 27.5 KiB 14 modules
./src/ClashRealmsMain.js 55 KiB [built] [code generated]
webpack 5.99.9 compiled successfully in 232 ms
assets by status 1.56 MiB [cached] 2 assets
cached modules 1.33 MiB (javascript) 27.5 KiB (runtime) [cached] 72 modules
./src/ClashRealmsMain.js 55 KiB [built]
webpack 5.99.9 compiled successfully in 163 ms
